============================= test session starts =============================
platform win32 -- Python 3.11.14, pytest-9.0.2, pluggy-1.6.0
rootdir: D:\A1_School_ai_25\001_My_proj_AI\Arcturus
configfile: pytest.ini
plugins: anyio-4.12.1, langsmith-0.7.5, asyncio-1.3.0
asyncio: mode=Mode.STRICT, debug=False, asyncio_default_fixture_loop_scope=None, asyncio_default_test_loop_scope=function
collected 371 items / 1 error

=================================== ERRORS ====================================
___________ ERROR collecting tests/unit/p13_orbit/test_discovery.py ___________
ImportError while importing test module 'D:\A1_School_ai_25\001_My_proj_AI\Arcturus\tests\unit\p13_orbit\test_discovery.py'.
Hint: make sure your test modules/packages have valid Python names.
Traceback:
C:\Users\Rajh26\AppData\Roaming\uv\python\cpython-3.11.14-windows-x86_64-none\Lib\importlib\__init__.py:126: in import_module
    return _bootstrap._gcd_import(name[level:], package, level)
           ^^^^^^^^^^^^^^^^^^^^^^^^^^^^^^^^^^^^^^^^^^^^^^^^^^^^
tests\unit\p13_orbit\test_discovery.py:3: in <module>
    from zeroconf.asyncio import AsyncZeroconf, AsyncServiceBrowser, AsyncServiceListener
E   ImportError: cannot import name 'AsyncServiceListener' from 'zeroconf.asyncio' (D:\A1_School_ai_25\001_My_proj_AI\Arcturus\.venv\Lib\site-packages\zeroconf\asyncio.py)
============================== warnings summary ===============================
<frozen importlib._bootstrap>:241
  <frozen importlib._bootstrap>:241: DeprecationWarning: builtin type SwigPyPacked has no __module__ attribute

<frozen importlib._bootstrap>:241
  <frozen importlib._bootstrap>:241: DeprecationWarning: builtin type SwigPyObject has no __module__ attribute

<frozen importlib._bootstrap>:241
  <frozen importlib._bootstrap>:241: DeprecationWarning: builtin type swigvarlink has no __module__ attribute

-- Docs: https://docs.pytest.org/en/stable/how-to/capture-warnings.html
=========================== short test summary info ===========================
ERROR tests/unit/p13_orbit/test_discovery.py
!!!!!!!!!!!!!!!!!!! Interrupted: 1 error during collection !!!!!!!!!!!!!!!!!!!!
======================== 3 warnings, 1 error in 7.90s =========================
